#-----------------------------------------------------------
# Vivado v2019.1 (64-bit)
# SW Build 2552052 on Fri May 24 14:49:42 MDT 2019
# IP Build 2548770 on Fri May 24 18:01:18 MDT 2019
# Start of session at: Wed Nov 11 12:39:24 2020
# Process ID: 19504
# Current directory: C:/Users/OAkun/Desktop/PersonalProject/HDMIZYBO/HDMIZYBOZ7BreakoutFinal/HDMIZYBOZ7BreakoutFinal.runs/HDMIZYBOZ7_BreakoutPixelGenerat_0_0_synth_1
# Command line: vivado.exe -log HDMIZYBOZ7_BreakoutPixelGenerat_0_0.vds -product Vivado -mode batch -messageDb vivado.pb -notrace -source HDMIZYBOZ7_BreakoutPixelGenerat_0_0.tcl
# Log file: C:/Users/OAkun/Desktop/PersonalProject/HDMIZYBO/HDMIZYBOZ7BreakoutFinal/HDMIZYBOZ7BreakoutFinal.runs/HDMIZYBOZ7_BreakoutPixelGenerat_0_0_synth_1/HDMIZYBOZ7_BreakoutPixelGenerat_0_0.vds
# Journal file: C:/Users/OAkun/Desktop/PersonalProject/HDMIZYBO/HDMIZYBOZ7BreakoutFinal/HDMIZYBOZ7BreakoutFinal.runs/HDMIZYBOZ7_BreakoutPixelGenerat_0_0_synth_1\vivado.jou
#-----------------------------------------------------------
source HDMIZYBOZ7_BreakoutPixelGenerat_0_0.tcl -notrace
